../Core/Src/main.c:76:5:main	16	static
../Core/Src/main.c:145:6:SystemClock_Config	88	static
../Core/Src/main.c:193:13:MX_USART2_UART_Init	8	static
../Core/Src/main.c:226:13:MX_GPIO_Init	48	static
../Core/Src/main.c:314:6:HAL_GPIO_EXTI_Callback	16	static
../Core/Src/main.c:342:6:verificar_ganador	8	static
../Core/Src/main.c:381:6:mostrarEnDisplay	16	static
../Core/Src/main.c:416:6:actualizar_leds_carrera_J1	16	static
../Core/Src/main.c:426:6:actualizar_leds_carrera_J2	16	static
../Core/Src/main.c:435:6:apagar_todo_emergencia	8	static
../Core/Src/main.c:453:6:Error_Handler	4	static,ignoring_inline_asm
