../Core/Src/main.c:79:5:main	16	static
../Core/Src/main.c:146:6:SystemClock_Config	88	static
../Core/Src/main.c:194:13:MX_USART2_UART_Init	8	static
../Core/Src/main.c:227:13:MX_GPIO_Init	48	static
../Core/Src/main.c:315:6:HAL_GPIO_EXTI_Callback	16	static
../Core/Src/main.c:345:6:verificar_ganador	8	static
../Core/Src/main.c:384:6:mostrarEnDisplay	16	static
../Core/Src/main.c:398:6:actualizar_leds_carrera_J1	16	static
../Core/Src/main.c:406:6:actualizar_leds_carrera_J2	16	static
../Core/Src/main.c:414:6:apagar_todo_emergencia	8	static
../Core/Src/main.c:432:6:Error_Handler	4	static,ignoring_inline_asm
